
> site@0.0.1 build /home/arcav/projects/center-gas/center-gas-platform/apps/site
> astro build

16:55:49 [vite] Re-optimizing dependencies because vite config has changed
16:55:49 [types] Generated 452ms
16:55:49 [build] output: "static"
16:55:49 [build] mode: "static"
16:55:49 [build] directory: /home/arcav/projects/center-gas/center-gas-platform/apps/site/dist/
16:55:49 [build] Collecting build info...
16:55:49 [build] ✓ Completed in 631ms.
16:55:49 [build] Building static entrypoints...
16:55:51 [vite] ✓ built in 1.52s
16:55:52 [vite] ✓ built in 651ms
16:55:52 [build] Rearranging server assets...

 generating static routes 
16:55:52   ├─ /driver/index.html (+136ms) 
16:55:52   ├─ /index.html (+12ms) 
16:55:52 ✓ Completed in 250ms.

16:55:52 [build] ✓ Completed in 2.51s.
16:55:52 [build] 2 page(s) built in 3.15s
16:55:52 [build] Complete!
