
> web@0.1.0 build /home/arcav/projects/center-gas/center-gas-platform/apps/web
> next build --turbopack

   ▲ Next.js 15.5.22 (Turbopack)
   - Environments: .env

   Creating an optimized production build ...
 ✓ Finished writing to disk in 9ms
 ✓ Compiled successfully in 6.7s
   Linting and checking validity of types     ✓ Linting and checking validity of types 
   Collecting page data     ✓ Collecting page data 
 ✓ Generating static pages (6/6)
   Collecting build traces     ✓ Collecting build traces 
   Finalizing page optimization     ✓ Finalizing page optimization 

Route (app)                         Size  First Load JS
┌ ○ /                            5.05 kB         181 kB
├ ○ /_not-found                      0 B         114 kB
└ ○ /login                         846 B         177 kB
+ First Load JS shared by all     121 kB
  ├ chunks/3865b5f3e333ee2e.js   10.9 kB
  ├ chunks/a77dd67ff05f9cc8.js   75.4 kB
  └ chunks/d2854bfd09f24f4b.js   14.4 kB
  └ other shared chunks (total)  20.4 kB


○  (Static)  prerendered as static content

